Jframe\LoginPage$1.class
Jframe\ManageBooks$9.class
com\mycompany\library_management_system\Library_Management_System.class
Jframe\HomePage$3.class
Jframe\SignUpPage$4.class
Jframe\ManageBooks$15.class
Jframe\IssuebookDetails$4.class
Jframe\ReturnBook$6.class
Jframe\SignUpPage$7.class
Jframe\ManageStudents$3.class
Jframe\ManageBooks$6.class
Jframe\LoginPage$4.class
Jframe\ManageBooks$12.class
Jframe\ReturnBook$3.class
Jframe\ManageBooks$3.class
Jframe\ReturnBook.class
Jframe\HomePage$9.class
Jframe\ManageStudents$11.class
Jframe\ManageStudents$6.class
Jframe\ManageStudents.class
Jframe\ViewAllRecord$1.class
Jframe\IssueBook$2.class
Jframe\ManageStudents$9.class
Jframe\HomePage$6.class
Jframe\DefaulterList.class
Jframe\ReturnBook$8.class
Jframe\HomePage$8.class
Jframe\HomePage.class
Jframe\ManageBooks$10.class
Jframe\HomePage$1.class
Jframe\ManageBooks$4.class
Jframe\ReturnBook$1.class
Jframe\ViewAllRecord$4.class
Jframe\IssueBook$5.class
Jframe\ViewAllRecord.class
Jframe\ManageStudents$5.class
Jframe\SignUpPage$5.class
Jframe\ReturnBook$2.class
Jframe\HomePage$2.class
Jframe\DefaulterList$4.class
Jframe\ReturnBook$9.class
Jframe\LoginPage.class
Jframe\ManageBooks$16.class
Jframe\ManageBooks$5.class
Jframe\ManageStudents$4.class
Jframe\ViewAllRecord$3.class
Jframe\IssueBook$4.class
Jframe\LoginPage$3.class
Jframe\IssuebookDetails.class
Jframe\IssueBook$6.class
Jframe\ViewAllRecord$2.class
Jframe\DefaulterList$3.class
Jframe\ManageStudents$7.class
Jframe\DBConnection.class
Jframe\IssueBook.class
Jframe\ViewAllRecord$5.class
Jframe\IssueBook$3.class
Jframe\HomePage$7.class
Jframe\ReturnBook$7.class
Jframe\ManageBooks$11.class
Jframe\LoginPage$2.class
Jframe\LoginPage$5.class
Jframe\SignUpPage$3.class
Jframe\SignUpPage.class
Jframe\SignUpPage$6.class
Jframe\ManageBooks$7.class
Jframe\panelBarChart.class
Jframe\ReturnBook$4.class
Jframe\IssuebookDetails$3.class
Jframe\LoginPage$8.class
Jframe\SignUpPage$9.class
Jframe\ManageStudents$10.class
Jframe\IssueBook$1.class
Jframe\SignUpPage$2.class
Jframe\HomePage$5.class
Jframe\LoginPage$6.class
Jframe\ReturnBook$5.class
Jframe\ManageStudents$8.class
Jframe\DefaulterList$2.class
Jframe\ManageStudents$2.class
Jframe\IssueBook$8.class
Jframe\IssuebookDetails$2.class
Jframe\ManageBooks$14.class
Jframe\ManageBooks$1.class
Jframe\ViewAllRecord$7.class
Jframe\ManageBooks.class
Jframe\LoginPage$7.class
Jframe\HomePage$10.class
Jframe\HomePage$4.class
Jframe\SignUpPage$8.class
Jframe\IssueBook$7.class
Jframe\ManageBooks$8.class
Jframe\IssuebookDetails$1.class
Jframe\DefaulterList$1.class
Jframe\ManageBooks$13.class
Jframe\ViewAllRecord$6.class
Jframe\ManageStudents$1.class
Jframe\ManageBooks$2.class
Jframe\SignUpPage$1.class
