C:\Users\USAMA\OneDrive\Desktop\Library_Management_System\src\main\java\Jframe\LoginPage.java
C:\Users\USAMA\OneDrive\Desktop\Library_Management_System\src\main\java\Jframe\ViewAllRecord.java
C:\Users\USAMA\OneDrive\Desktop\Library_Management_System\src\main\java\Jframe\DefaulterList.java
C:\Users\USAMA\OneDrive\Desktop\Library_Management_System\src\main\java\Jframe\panelBarChart.java
C:\Users\USAMA\OneDrive\Desktop\Library_Management_System\src\main\java\Jframe\ManageBooks.java
C:\Users\USAMA\OneDrive\Desktop\Library_Management_System\src\main\java\Jframe\ManageStudents.java
C:\Users\USAMA\OneDrive\Desktop\Library_Management_System\src\main\java\Jframe\IssueBook.java
C:\Users\USAMA\OneDrive\Desktop\Library_Management_System\src\main\java\Jframe\HomePage.java
C:\Users\USAMA\OneDrive\Desktop\Library_Management_System\src\main\java\com\mycompany\library_management_system\Library_Management_System.java
C:\Users\USAMA\OneDrive\Desktop\Library_Management_System\src\main\java\Jframe\ReturnBook.java
C:\Users\USAMA\OneDrive\Desktop\Library_Management_System\src\main\java\Jframe\DBConnection.java
C:\Users\USAMA\OneDrive\Desktop\Library_Management_System\src\main\java\Jframe\SignUpPage.java
C:\Users\USAMA\OneDrive\Desktop\Library_Management_System\src\main\java\java\sql\Connetion.java
C:\Users\USAMA\OneDrive\Desktop\Library_Management_System\src\main\java\Jframe\IssuebookDetails.java
